Acid Lime: running.fg:fallback running.ring:fallback accent:fallback purple:fallback
Adventure: purple:fallback
Alien Blood: done:clash purple:fallback
Amber CRT Retro: running.fg:fallback running.ring:fallback done.fg:fallback done.ring:fallback accent:fallback purple:fallback
Arthur: purple:fallback
Atelier Sulphurpool: done.fg:fallback done.ring:fallback
Atlas Ragnarok: attention.fg:fallback attention.ring:fallback running.fg:fallback running.ring:fallback accent:fallback purple:fallback
Atom: error.fg:fallback error.ring:fallback
Aura Dark: purple:fallback
Aurora: purple:fallback
Aztec Sunset: done:clash done:clash-unresolved
Banana Blueberry: running.fg:fallback running.ring:fallback accent:fallback purple:bright
Batman: error.fg:fallback error.ring:fallback running.fg:fallback running.ring:fallback accent:fallback purple:fallback
Belafonte Day: done.fg:fallback done.ring:fallback purple:fallback
Belafonte Night: done.fg:fallback done.ring:fallback purple:fallback
Black Metal: attention.fg:fallback attention.ring:fallback error.fg:fallback error.ring:fallback running.fg:fallback running.ring:fallback done.fg:fallback done.ring:fallback accent:fallback purple:fallback
Black Metal (Bathory): error.fg:fallback error.ring:fallback running.fg:fallback running.ring:fallback done.fg:fallback done.ring:fallback error:clash-unresolved accent:fallback purple:fallback
Black Metal (Burzum): attention.fg:fallback attention.ring:fallback error.fg:fallback error.ring:fallback running.fg:fallback running.ring:fallback done.fg:fallback done.ring:fallback accent:fallback purple:fallback
Black Metal (Dark Funeral): attention.fg:fallback attention.ring:fallback error.fg:fallback error.ring:fallback running.fg:fallback running.ring:fallback done.fg:fallback done.ring:fallback accent:fallback purple:fallback
Black Metal (Gorgoroth): attention.fg:fallback attention.ring:fallback error.fg:fallback error.ring:fallback running.fg:fallback running.ring:fallback done.fg:fallback done.ring:fallback accent:fallback purple:fallback
Black Metal (Immortal): attention.fg:fallback attention.ring:fallback error.fg:fallback error.ring:fallback running.fg:fallback running.ring:fallback done.fg:fallback done.ring:fallback accent:fallback purple:fallback
Black Metal (Khold): attention.fg:fallback attention.ring:fallback error.fg:fallback error.ring:fallback running.fg:fallback running.ring:fallback done.fg:fallback done.ring:fallback accent:fallback purple:fallback
Black Metal (Marduk): attention.fg:fallback attention.ring:fallback error.fg:fallback error.ring:fallback running.fg:fallback running.ring:fallback done.fg:fallback done.ring:fallback accent:fallback purple:fallback
Black Metal (Mayhem): error.fg:fallback error.ring:fallback running.fg:fallback running.ring:fallback done.fg:fallback done.ring:fallback accent:fallback purple:fallback
Black Metal (Nile): attention.fg:fallback attention.ring:fallback error.fg:fallback error.ring:fallback running.fg:fallback running.ring:fallback done.fg:fallback done.ring:fallback accent:fallback purple:fallback
Black Metal (Venom): attention.fg:fallback attention.ring:fallback error.fg:fallback error.ring:fallback running.fg:fallback running.ring:fallback done.fg:fallback done.ring:fallback accent:fallback purple:fallback
Blazer: done:clash
Blue Berry Pie: attention.fg:fallback attention.ring:fallback running.fg:fallback running.ring:fallback done.fg:fallback done.ring:fallback accent:fallback
Blue Dolphin: error:clash running:clash error:clash-unresolved running:clash-unresolved
Bluloco Dark: attention.fg:bright attention.ring:bright
Breeze: error:clash
CRT Amber: running.fg:fallback running.ring:fallback accent:fallback purple:fallback
Calamity: purple:fallback
Caliche: error:clash purple:fallback
Carbonfox: attention.fg:fallback attention.ring:fallback
Cassette Tape: attention.fg:fallback attention.ring:fallback running.fg:fallback running.ring:fallback accent:fallback purple:fallback
Chalk: purple:fallback
Charcoal: attention.fg:fallback attention.ring:fallback error.fg:fallback error.ring:fallback running.fg:fallback running.ring:fallback done.fg:fallback done.ring:fallback accent:fallback purple:fallback
Ciapre: done.fg:bright done.ring:bright
Citrus Ink: running.fg:fallback running.ring:fallback accent:fallback purple:fallback
Claude: attention.fg:fallback attention.ring:fallback error.fg:fallback error.ring:fallback running.fg:fallback running.ring:fallback done.fg:fallback done.ring:fallback accent:fallback purple:fallback
Claude Light: purple:fallback
Cobalt Neon: running.fg:bright running.ring:bright done.fg:bright done.ring:bright accent:bright
Cobalt2: purple:bright
Crayon Pony Fish: attention.fg:fallback attention.ring:fallback
Cutie Pro: attention.fg:bright attention.ring:bright running.fg:bright running.ring:bright accent:bright
Darkermatrix: error.fg:fallback error.ring:fallback running.fg:fallback running.ring:fallback accent:fallback
Darkmatrix: error.fg:fallback error.ring:fallback running.fg:fallback running.ring:fallback accent:fallback
Desert: running.fg:bright running.ring:bright accent:bright purple:bright
Django: running.fg:fallback running.ring:fallback accent:fallback purple:fallback
Django Reborn Again: running.fg:fallback running.ring:fallback accent:fallback purple:fallback
Django Smooth: running.fg:fallback running.ring:fallback accent:fallback purple:fallback
Doom Peacock: done.fg:bright done.ring:bright
Dracula: running.fg:fallback running.ring:fallback accent:fallback
Driftwood: done:clash
Duotone Dark: running.fg:fallback running.ring:fallback accent:fallback purple:fallback
EVH FrankenTone: purple:fallback
Earl Grey: done:clash
Earthsong: purple:fallback
Elemental: purple:fallback
Elementary: purple:fallback
Embers Dark: attention.fg:fallback attention.ring:fallback error.fg:fallback error.ring:fallback running.fg:fallback running.ring:fallback accent:fallback
Espresso Libre: purple:fallback
Everforest Dark Hard: running.fg:bright running.ring:bright done:clash accent:bright
Everforest Dark Med: running.fg:bright running.ring:bright done:clash accent:bright
Everforest Dark Soft: running.fg:bright running.ring:bright done:clash accent:bright
Everforest Light Hard: running.fg:bright running.ring:bright done:clash accent:bright
Everforest Light Med: running.fg:bright running.ring:bright done:clash accent:bright
Everforest Light Soft: running.fg:bright running.ring:bright done:clash accent:bright
Fahrenheit: error.fg:fallback error.ring:fallback running.fg:fallback running.ring:fallback done.fg:fallback done.ring:fallback accent:fallback purple:fallback
Fairyfloss: running.fg:fallback running.ring:fallback accent:fallback
Fideloper: attention.fg:fallback attention.ring:fallback done.fg:fallback done.ring:fallback
Firewatch: purple:fallback
Flatland: error.fg:bright error.ring:bright
Forest Blue: attention.fg:fallback attention.ring:fallback done:clash
Forge Ember: running.fg:fallback running.ring:fallback accent:fallback purple:fallback
Front End Delight: done.fg:bright done.ring:bright error:clash purple:fallback
Fun Forrest: purple:fallback
GitHub Dark Colorblind: error.fg:fallback error.ring:fallback done.fg:fallback done.ring:fallback
GitHub Light Colorblind: error.fg:fallback error.ring:fallback done.fg:fallback done.ring:fallback
Glacier: purple:fallback
Golden Retriever Honey: done:clash
Grape: attention.fg:fallback attention.ring:fallback
Graphite: done:clash purple:fallback
Grass: error:clash running:clash error:clash-unresolved running:clash-unresolved
Green Phosphor CRT: attention.fg:fallback attention.ring:fallback error.fg:fallback error.ring:fallback running.fg:fallback running.ring:fallback accent:fallback purple:fallback
Gruvbox Light: done:clash
Gruvbox Light Hard: done:clash
Gruvbox Material Dark: running.fg:fallback running.ring:fallback done:clash accent:fallback purple:fallback
Guezwhoz: attention.fg:fallback attention.ring:fallback
HaX0R Blue: attention.fg:fallback attention.ring:fallback error.fg:fallback error.ring:fallback done.fg:fallback done.ring:fallback purple:fallback
HaX0R Gr33N: attention.fg:fallback attention.ring:fallback error.fg:fallback error.ring:fallback running.fg:fallback running.ring:fallback accent:fallback purple:fallback
HaX0R R3D: attention.fg:fallback attention.ring:fallback running.fg:fallback running.ring:fallback done.fg:fallback done.ring:fallback accent:fallback purple:fallback
Hacktober: purple:fallback
Harper: error.fg:fallback error.ring:fallback running.fg:fallback running.ring:fallback done.fg:fallback done.ring:fallback accent:fallback
Havn Daggry: done.fg:bright done.ring:bright error:clash
Hivacruz: done.fg:bright done.ring:bright
Hopscotch: purple:fallback
Hopscotch.256: purple:fallback
Hot Dog Stand: error.fg:fallback error.ring:fallback running.fg:fallback running.ring:fallback done:clash done:clash-unresolved accent:fallback purple:fallback
Hot Dog Stand (Mustard): attention.fg:fallback attention.ring:fallback running.fg:fallback running.ring:fallback done.fg:fallback done.ring:fallback accent:fallback purple:fallback
Hybrid: done:clash
IC Green PPL: attention.fg:fallback attention.ring:fallback running.fg:fallback running.ring:fallback accent:fallback purple:fallback
IC Orange PPL: running.fg:fallback running.ring:fallback done:clash accent:fallback purple:fallback
Jubi: attention.fg:fallback attention.ring:fallback purple:fallback
Kanagawa Dragon: running.fg:bright running.ring:bright done.fg:bright done.ring:bright accent:bright purple:fallback
Kanagawa Lotus: done:clash
Kanso Ink: running.fg:bright running.ring:bright done.fg:bright done.ring:bright accent:bright purple:fallback
Kanso Mist: running.fg:bright running.ring:bright done.fg:bright done.ring:bright accent:bright purple:fallback
Kanso Pearl: done:clash
Kanso Zen: running.fg:bright running.ring:bright done.fg:bright done.ring:bright accent:bright purple:fallback
Kurokula: done.fg:bright done.ring:bright
Lab Fox: running.fg:fallback running.ring:fallback accent:fallback
Laser: attention.fg:bright attention.ring:bright running.fg:fallback running.ring:fallback accent:fallback
Later This Evening: running.fg:bright running.ring:bright accent:bright
Letterpress: purple:fallback
London Embankment Dusk: done.fg:fallback done.ring:fallback
Lovelace: done.fg:bright done.ring:bright
Madman's Diary: attention.fg:bright attention.ring:bright running.fg:bright running.ring:bright done.fg:bright done.ring:bright accent:bright
Material Design Colors: purple:fallback
Mathias: running.fg:bright running.ring:bright accent:bright purple:bright
Matrix: error.fg:fallback error.ring:fallback running.fg:bright running.ring:bright accent:bright purple:fallback
Matte Black: attention.fg:fallback attention.ring:fallback running.fg:fallback running.ring:fallback done.fg:fallback done.ring:fallback accent:fallback purple:fallback
Mellifluous: running.fg:bright running.ring:bright done.fg:bright done.ring:bright error:clash accent:bright purple:bright
Mellow: error:clash
Mesila One: attention.fg:fallback attention.ring:fallback error.fg:fallback error.ring:fallback running.fg:fallback running.ring:fallback done.fg:fallback done.ring:fallback accent:fallback
Miasma: error.fg:fallback error.ring:fallback running.fg:fallback running.ring:fallback accent:fallback purple:fallback
Misterioso: running.fg:bright running.ring:bright accent:bright
Mona Lisa: running.fg:fallback running.ring:fallback error:clash accent:fallback purple:fallback
Monokai Classic: running.fg:fallback running.ring:fallback accent:fallback
Monokai Pro: running.fg:fallback running.ring:fallback accent:fallback
Monokai Pro Light: running.fg:fallback running.ring:fallback accent:fallback
Monokai Pro Light Sun: running.fg:fallback running.ring:fallback accent:fallback
Monokai Pro Machine: running.fg:fallback running.ring:fallback accent:fallback
Monokai Pro Octagon: running.fg:fallback running.ring:fallback accent:fallback
Monokai Pro Ristretto: running.fg:fallback running.ring:fallback accent:fallback
Monokai Pro Spectrum: running.fg:fallback running.ring:fallback accent:fallback
Monokai Remastered: purple:fallback
Monokai Soda: purple:fallback
Monokai SublimeText: done:clash
N0Tch2K: running.fg:fallback running.ring:fallback done.fg:fallback done.ring:fallback accent:fallback purple:fallback
Neobones Light: attention.fg:fallback attention.ring:fallback
Neopolitan: purple:fallback
Neutron: running.fg:fallback running.ring:fallback accent:fallback
Night Owl: attention.fg:bright attention.ring:bright
Night Owlish Light: done.fg:fallback done.ring:fallback purple:bright
No Clown Fiesta Light: error:clash done:clash
Noctis Hibernus: purple:fallback
Noctis Lilac: purple:fallback
Noctis Lux: purple:fallback
Nocturnal Winter: purple:fallback
Nord Light: done:clash
Ollie: attention.fg:fallback attention.ring:fallback purple:fallback
Onenord Light: attention.fg:bright attention.ring:bright
Opaline: attention.fg:bright attention.ring:bright
Oxblood: running.fg:fallback running.ring:fallback done.fg:fallback done.ring:fallback accent:fallback purple:fallback
Oxocarbon: attention.fg:fallback attention.ring:fallback error.fg:fallback error.ring:fallback running.fg:fallback running.ring:fallback done.fg:fallback done.ring:fallback accent:fallback
Ozz's Blizzard: done.fg:bright done.ring:bright
Pandora: running.fg:bright running.ring:bright accent:bright
Patina: running.fg:fallback running.ring:fallback accent:fallback purple:fallback
Patina Dark: purple:fallback
Patina Dark Soft: purple:fallback
Patina Lichen: error:clash done:clash purple:fallback
Patina Light: done:clash purple:fallback
Patina Moss: done:clash purple:fallback
Patina Stellar: done:clash purple:fallback
Poimandres White: purple:fallback
Primary: purple:fallback
Prince of Darkness: attention.fg:fallback attention.ring:fallback error.fg:fallback error.ring:fallback done.fg:fallback done.ring:fallback
Purple Portal: attention.fg:fallback attention.ring:fallback running.fg:fallback running.ring:fallback accent:fallback purple:fallback
RadicalReborn: done:clash
Red Planet: done.fg:fallback done.ring:fallback
Relaxed: running.fg:bright running.ring:bright accent:bright
Retro: attention.fg:fallback attention.ring:fallback error.fg:fallback error.ring:fallback running.fg:fallback running.ring:fallback accent:fallback purple:fallback
Rhoads Legacy: error.fg:fallback error.ring:fallback done.fg:fallback done.ring:fallback
Rippedcasts: error.fg:fallback error.ring:fallback
Rose Pine: done.fg:fallback done.ring:fallback
Rose Pine Dawn: done.fg:fallback done.ring:fallback
Rose Pine Moon: done.fg:fallback done.ring:fallback
Rouge 2: attention.fg:fallback attention.ring:fallback done.fg:fallback done.ring:fallback
Ryuuko: attention.fg:fallback attention.ring:fallback running.fg:fallback running.ring:fallback accent:fallback purple:fallback
Saguaro: done:clash
Sakura: attention.fg:fallback attention.ring:fallback
Sea Shells: running.fg:bright running.ring:bright done.fg:fallback done.ring:fallback accent:bright purple:fallback
Seafoam Pastel: error:clash done:clash purple:fallback
Seoulbones Dark: purple:bright
Sequoia Monochrome Dark: attention.fg:fallback attention.ring:fallback error.fg:fallback error.ring:fallback running.fg:fallback running.ring:fallback done.fg:fallback done.ring:fallback accent:fallback purple:fallback
Sequoia Monochrome Light: attention.fg:fallback attention.ring:fallback error.fg:fallback error.ring:fallback running.fg:fallback running.ring:fallback done.fg:fallback done.ring:fallback accent:fallback purple:fallback
Sequoia Moonlight Dark: attention.fg:fallback attention.ring:fallback error.fg:fallback error.ring:fallback running.fg:fallback running.ring:fallback done.fg:fallback done.ring:fallback accent:fallback purple:fallback
Sequoia Moonlight Light: attention.fg:fallback attention.ring:fallback error.fg:fallback error.ring:fallback running.fg:fallback running.ring:fallback done.fg:fallback done.ring:fallback accent:fallback purple:fallback
Sequoia Retro Dark: attention.fg:fallback attention.ring:fallback error.fg:fallback error.ring:fallback purple:fallback
Sequoia Retro Light: attention.fg:fallback attention.ring:fallback error.fg:fallback error.ring:fallback purple:fallback
Serendipity Midnight: attention.fg:fallback attention.ring:fallback done.fg:fallback done.ring:fallback purple:fallback
Serendipity Morning: attention.fg:fallback attention.ring:fallback done.fg:fallback done.ring:fallback purple:fallback
Serendipity Sunset: attention.fg:fallback attention.ring:fallback done.fg:fallback done.ring:fallback purple:fallback
Shades Of Purple: purple:bright
Shaman: attention.fg:fallback attention.ring:fallback running.fg:fallback running.ring:fallback accent:fallback purple:fallback
Shokunin: purple:fallback
Slate: attention.fg:fallback attention.ring:fallback running.fg:bright running.ring:bright accent:bright
Sleepy Hollow: done.fg:fallback done.ring:fallback error:clash purple:fallback
Soft Server: error:clash done:clash
Spacedust: purple:fallback
Spacegray: running.fg:fallback running.ring:fallback accent:fallback
Spacegray Eighties Dull: attention.fg:bright attention.ring:bright running.fg:bright running.ring:bright accent:bright
Spiderman: attention.fg:fallback attention.ring:fallback done.fg:fallback done.ring:fallback purple:bright
Spring: attention.fg:bright attention.ring:bright
Square: done.fg:bright done.ring:bright
Squintless: done:clash
Srcery: purple:fallback
Subliminal: purple:fallback
Sugarplum: attention.fg:fallback attention.ring:fallback error.fg:fallback error.ring:fallback running.fg:fallback running.ring:fallback accent:fallback
Sun Bleached: done:clash
Sundried: error:clash purple:fallback
Synthwave: purple:fallback
Synthwave Alpha: running.fg:fallback running.ring:fallback accent:fallback
Tearout: attention.fg:fallback attention.ring:fallback running.fg:fallback running.ring:fallback done:clash accent:fallback purple:fallback
Terafox: attention.fg:fallback attention.ring:fallback done.fg:fallback done.ring:fallback
Terminal Green 1999: attention.fg:fallback attention.ring:fallback purple:fallback
The Hulk: attention.fg:fallback attention.ring:fallback error.fg:fallback error.ring:fallback
Token Light: done:clash
TokyoNight Day: done:clash
Tomorrow: done:clash
Tomorrow Night Blue: done:clash
Tomorrow Night Bright: done:clash
Tomorrow Night Burns: attention.fg:fallback attention.ring:fallback running.fg:fallback running.ring:fallback done.fg:fallback done.ring:fallback accent:fallback purple:fallback
Treehouse: purple:fallback
Twilight: running.fg:fallback running.ring:fallback done:clash accent:fallback purple:fallback
Under The Sea: attention.fg:fallback attention.ring:fallback running.fg:fallback running.ring:fallback accent:fallback purple:fallback
Unikitty: done:clash done:clash-unresolved purple:fallback
Urple: attention.fg:fallback attention.ring:fallback
Vaporwave Sunset: done.fg:fallback done.ring:fallback purple:fallback
Vaughn: error.fg:bright error.ring:bright error:clash
Velvet Court: running.fg:fallback running.ring:fallback accent:fallback
Vercel: purple:bright
Verdigris: running.fg:fallback running.ring:fallback accent:fallback
Vesper: error:clash
Vimbones: attention.fg:fallback attention.ring:fallback
Violet Light: done:clash
Violite: running.fg:fallback running.ring:fallback accent:fallback
Wild Cherry: running.fg:bright running.ring:bright accent:bright purple:fallback
Wilmersdorf: attention.fg:fallback attention.ring:fallback done.fg:fallback done.ring:fallback
Wryan: attention.fg:fallback attention.ring:fallback done.fg:fallback done.ring:fallback
X: running.fg:fallback running.ring:fallback accent:fallback
X Berlin: attention.fg:fallback attention.ring:fallback error.fg:fallback error.ring:fallback running.fg:fallback running.ring:fallback done.fg:fallback done.ring:fallback accent:fallback purple:fallback
X Bogota: purple:fallback
X Helsinki: attention.fg:fallback attention.ring:fallback error.fg:fallback error.ring:fallback running.fg:fallback running.ring:fallback done.fg:fallback done.ring:fallback accent:fallback purple:fallback
X Lahabana: attention.fg:fallback attention.ring:fallback running.fg:fallback running.ring:fallback accent:fallback
X London: attention.fg:fallback attention.ring:fallback error.fg:fallback error.ring:fallback running.fg:fallback running.ring:fallback done.fg:fallback done.ring:fallback accent:fallback purple:fallback
X Miami: running.fg:fallback running.ring:fallback accent:fallback
X Praha: running.fg:fallback running.ring:fallback accent:fallback purple:fallback
X Tokio: running.fg:fallback running.ring:fallback accent:fallback
Xcode Dark hc: done.fg:fallback done.ring:fallback
Xcode Light: done.fg:fallback done.ring:fallback
Xcode Light hc: done.fg:fallback done.ring:fallback
Y2K Chrome: attention.fg:fallback attention.ring:fallback running.fg:fallback running.ring:fallback accent:fallback
Zenbones: attention.fg:fallback attention.ring:fallback
Zenbones Light: attention.fg:fallback attention.ring:fallback
Zenburn: error.fg:bright error.ring:bright running.fg:bright running.ring:bright accent:bright
Zenburned: error:clash error:clash-unresolved
Zenwritten Light: attention.fg:fallback attention.ring:fallback
base16-icy: attention.fg:fallback attention.ring:fallback error.fg:fallback error.ring:fallback done.fg:fallback done.ring:fallback purple:fallback
branch: purple:fallback
iTerm2 Solarized Light: done:clash
novmbr: error.fg:fallback error.ring:fallback done:clash purple:fallback
owl: attention.fg:fallback attention.ring:fallback error.fg:bright error.ring:bright running.fg:fallback running.ring:fallback done.fg:fallback done.ring:fallback accent:fallback purple:fallback
traffic: running.fg:fallback running.ring:fallback done.fg:fallback done.ring:fallback error:clash accent:fallback purple:fallback
urban: running.fg:fallback running.ring:fallback accent:fallback
